<testsuites id="" name="" tests="9" failures="0" skipped="0" errors="0" time="10.334091">
<testsuite name="example.spec.ts" timestamp="2025-12-05T17:49:16.540Z" hostname="chromium" tests="2" failures="0" skipped="0" time="0.825" errors="0">
<testcase name="has title @smoke" classname="example.spec.ts" time="0.382">
</testcase>
<testcase name="get started link @smoke" classname="example.spec.ts" time="0.443">
</testcase>
</testsuite>
<testsuite name="sample.spec.ts" timestamp="2025-12-05T17:49:16.540Z" hostname="chromium" tests="1" failures="0" skipped="0" time="0.19" errors="0">
<testcase name="Sample suite › can open example.com and have title containing Example @smoke" classname="sample.spec.ts" time="0.19">
</testcase>
</testsuite>
<testsuite name="example.spec.ts" timestamp="2025-12-05T17:49:16.540Z" hostname="firefox" tests="2" failures="0" skipped="0" time="2.058" errors="0">
<testcase name="has title @smoke" classname="example.spec.ts" time="1.279">
</testcase>
<testcase name="get started link @smoke" classname="example.spec.ts" time="0.779">
</testcase>
</testsuite>
<testsuite name="sample.spec.ts" timestamp="2025-12-05T17:49:16.540Z" hostname="firefox" tests="1" failures="0" skipped="0" time="0.363" errors="0">
<testcase name="Sample suite › can open example.com and have title containing Example @smoke" classname="sample.spec.ts" time="0.363">
</testcase>
</testsuite>
<testsuite name="example.spec.ts" timestamp="2025-12-05T17:49:16.540Z" hostname="webkit" tests="2" failures="0" skipped="0" time="2.53" errors="0">
<testcase name="has title @smoke" classname="example.spec.ts" time="0.72">
</testcase>
<testcase name="get started link @smoke" classname="example.spec.ts" time="1.81">
</testcase>
</testsuite>
<testsuite name="sample.spec.ts" timestamp="2025-12-05T17:49:16.540Z" hostname="webkit" tests="1" failures="0" skipped="0" time="0.508" errors="0">
<testcase name="Sample suite › can open example.com and have title containing Example @smoke" classname="sample.spec.ts" time="0.508">
</testcase>
</testsuite>
</testsuites>